// Jest Snapshot v1, https://goo.gl/fbAQLP

exports[`FruitsDetailComponent should reset formGroup 1`] = `
Object {
  "id": null,
  "name": null,
  "species": null,
  "typing": null,
  "weight": 0,
}
`;
